victim-python listening on :8082
172.19.0.1 - - [01/Oct/2026 16:17:50] "GET /health HTTP/1.1" 200 -
172.19.0.1 - - [01/Oct/2026 16:17:50] "GET /health HTTP/1.1" 200 -
----------------------------------------
Exception occurred during processing of request from ('172.19.0.1', 54336)
Traceback (most recent call last):
  File "/usr/local/lib/python3.12/socketserver.py", line 697, in process_request_thread
    self.finish_request(request, client_address)
  File "/usr/local/lib/python3.12/socketserver.py", line 362, in finish_request
    self.RequestHandlerClass(request, client_address, self)
  File "/usr/local/lib/python3.12/socketserver.py", line 766, in __init__
    self.handle()
  File "/usr/local/lib/python3.12/http/server.py", line 440, in handle
    self.handle_one_request()
  File "/usr/local/lib/python3.12/http/server.py", line 428, in handle_one_request
    method()
  File "/app/main.py", line 13, in do_GET
    self._explode()
  File "/app/main.py", line 19, in _explode
    name = payload["name"].strip()
           ^^^^^^^^^^^^^^^^^^^^^
AttributeError: 'NoneType' object has no attribute 'strip'
----------------------------------------
